
> sahara-next@0.1.0 build
> next build

Γû▓ Next.js 16.1.3 (Turbopack)

  Creating an optimized production build ...
Γ£ô Compiled successfully in 13.9s
  Running TypeScript ...
node.exe : Failed to compile.
At C:\Users\moisl\AppData\Roaming\np
m\npm.ps1:24 char:5
+     & "node$exe"  "$basedir/node_m
odules/npm/bin/npm-cli.js" $args
+     ~~~~~~~~~~~~~~~~~~~~~~~~~~~~~~
~~~~~~~~~~~~~~~~~~~~~~~~~~~~~~~~
    + CategoryInfo          : NotSp 
   ecified: (Failed to compile.:St  
  ring) [], RemoteException
    + FullyQualifiedErrorId : Nativ 
   eCommandError
 

./src/components/animate-ui/MagicBen
to.tsx:500:9
Type error: Type 
'RefObject<HTMLDivElement | null> | 
undefined' is not assignable to 
type 'LegacyRef<HTMLDivElement> | 
undefined'.
  Type 'RefObject<HTMLDivElement | 
null>' is not assignable to type 
'LegacyRef<HTMLDivElement> | 
undefined'.
    Type 'RefObject<HTMLDivElement 
| null>' is not assignable to type 
'RefObject<HTMLDivElement>'.
      Type 'HTMLDivElement | null' 
is not assignable to type 
'HTMLDivElement'.
        Type 'null' is not 
assignable to type 'HTMLDivElement'.

[0m [90m 498 |[39m         classN
ame[33m=[39m[32m"bento-section 
grid gap-2 p-3 max-w-[54rem] 
select-none relative"[39m
 [90m 499 |[39m         
style[33m=[39m{{ 
fontSize[33m:[39m 
[32m'clamp(1rem, 0.9rem + 0.5vw, 
1.5rem)'[39m }}
[31m[1m>[22m[39m[90m 500 
|[39m         
ref[33m=[39m{gridRef}
 [90m     |[39m         
[31m[1m^[22m[39m
 [90m 501 |[39m     [33m>[39m
 [90m 502 |[39m         {children}
 [90m 503 |[39m     [33m<[39m[3
3m/[39m[33mdiv[39m[33m>[39m[0m
Next.js build worker exited with 
code: 1 and signal: null
