src/components/dashboard/RevenueChart.tsx(14,10): error TS2305: Module '"@/components/theme-provider"' has no exported member 'useTheme'.
